---
source: crates/lexer/tests/lexer_test.rs
description: "(){};,+-*!===<=>=!=<>/.=!"
---
- "Token { token_type: LeftParen, origin: \"(\", line: 1 }"
- "Token { token_type: RightParen, origin: \")\", line: 1 }"
- "Token { token_type: LeftBrace, origin: \"{\", line: 1 }"
- "Token { token_type: RightBrace, origin: \"}\", line: 1 }"
- "Token { token_type: Semicolon, origin: \";\", line: 1 }"
- "Token { token_type: Comma, origin: \",\", line: 1 }"
- "Token { token_type: Plus, origin: \"+\", line: 1 }"
- "Token { token_type: Minus, origin: \"-\", line: 1 }"
- "Token { token_type: Star, origin: \"*\", line: 1 }"
- "Token { token_type: BangEqual, origin: \"!=\", line: 1 }"
- "Token { token_type: EqualEqual, origin: \"==\", line: 1 }"
- "Token { token_type: LessEqual, origin: \"<=\", line: 1 }"
- "Token { token_type: GreaterEqual, origin: \">=\", line: 1 }"
- "Token { token_type: BangEqual, origin: \"!=\", line: 1 }"
- "Token { token_type: Less, origin: \"<\", line: 1 }"
- "Token { token_type: Greater, origin: \">\", line: 1 }"
- "Token { token_type: Slash, origin: \"/\", line: 1 }"
- "Token { token_type: Dot, origin: \".\", line: 1 }"
- "Token { token_type: Equal, origin: \"=\", line: 1 }"
- "Token { token_type: Bang, origin: \"!\", line: 1 }"
- "Token { token_type: Eof, origin: \"\", line: 1 }"
