---
source: crates/lexer/tests/lexer_test.rs
description: "123\n123.456\n.457\n123.\n90\n523."
---
- "Token { token_type: Number(123.0), span: Span { start: 0, end: 2 }, line: 1 } - `123`"
- "Token { token_type: Number(123.456), span: Span { start: 4, end: 10 }, line: 2 } - `123.456`"
- "Token { token_type: Dot, span: Span { start: 12, end: 12 }, line: 3 } - `.`"
- "Token { token_type: Number(457.0), span: Span { start: 13, end: 15 }, line: 3 } - `457`"
- "Token { token_type: Number(123.0), span: Span { start: 17, end: 19 }, line: 4 } - `123`"
- "Token { token_type: Dot, span: Span { start: 20, end: 20 }, line: 4 } - `.`"
- "Token { token_type: Number(90.0), span: Span { start: 22, end: 23 }, line: 5 } - `90`"
- "Token { token_type: Number(523.0), span: Span { start: 25, end: 27 }, line: 6 } - `523`"
- "Token { token_type: Dot, span: Span { start: 28, end: 28 }, line: 6 } - `.`"
