---
source: crates/lexer/tests/lexer_test.rs
description: "andy formless fo _ _123 _abc ab123\nabcdefghijklmnopqrstuvwxyzABCDEFGHIJKLMNOPQRSTUVWXYZ1234567890_"
---
- "Token { token_type: Identifier, span: Span { start: 0, end: 3 }, origin: \"andy\", line: 1 } - `andy`"
- "Token { token_type: Identifier, span: Span { start: 5, end: 12 }, origin: \"formless\", line: 1 } - `formless`"
- "Token { token_type: Identifier, span: Span { start: 14, end: 15 }, origin: \"fo\", line: 1 } - `fo`"
- "Token { token_type: Identifier, span: Span { start: 17, end: 17 }, origin: \"_\", line: 1 } - `_`"
- "Token { token_type: Identifier, span: Span { start: 19, end: 22 }, origin: \"_123\", line: 1 } - `_123`"
- "Token { token_type: Identifier, span: Span { start: 24, end: 27 }, origin: \"_abc\", line: 1 } - `_abc`"
- "Token { token_type: Identifier, span: Span { start: 29, end: 33 }, origin: \"ab123\", line: 1 } - `ab123`"
- "Token { token_type: Identifier, span: Span { start: 35, end: 97 }, origin: \"abcdefghijklmnopqrstuvwxyzABCDEFGHIJKLMNOPQRSTUVWXYZ1234567890_\", line: 2 } - `abcdefghijklmnopqrstuvwxyzABCDEFGHIJKLMNOPQRSTUVWXYZ1234567890_`"
