---
source: crates/lexer/tests/lexer_test.rs
description: "andy formless fo _ _123 _abc ab123\nabcdefghijklmnopqrstuvwxyzABCDEFGHIJKLMNOPQRSTUVWXYZ1234567890_"
---
- "Token { token_type: Identifier, origin: \"andy\", line: 1 }"
- "Token { token_type: Identifier, origin: \"formless\", line: 1 }"
- "Token { token_type: Identifier, origin: \"fo\", line: 1 }"
- "Token { token_type: Identifier, origin: \"_\", line: 1 }"
- "Token { token_type: Identifier, origin: \"_123\", line: 1 }"
- "Token { token_type: Identifier, origin: \"_abc\", line: 1 }"
- "Token { token_type: Identifier, origin: \"ab123\", line: 1 }"
- "Token { token_type: Identifier, origin: \"abcdefghijklmnopqrstuvwxyzABCDEFGHIJKLMNOPQRSTUVWXYZ1234567890_\", line: 2 }"
- "Token { token_type: Eof, origin: \"\", line: 2 }"
