---
source: crates/lexer/tests/lexer_test.rs
description: "space    tabs\t\t\t\tnewlines\n\n//\n\nend//"
---
- "Token { token_type: Identifier, span: Span { start: 0, end: 4 }, line: 1 } - space"
- "Token { token_type: Identifier, span: Span { start: 9, end: 12 }, line: 1 } - tabs"
- "Token { token_type: Identifier, span: Span { start: 17, end: 24 }, line: 1 } - newlines"
- "Token { token_type: Identifier, span: Span { start: 31, end: 33 }, line: 5 } - end"
