---
source: tests/lexer_test.rs
description: "andy formless fo _ _123 _abc ab123\nabcdefghijklmnopqrstuvwxyzABCDEFGHIJKLMNOPQRSTUVWXYZ1234567890_"
---
- IDENTIFIER andy null
- IDENTIFIER formless null
- IDENTIFIER fo null
- IDENTIFIER _ null
- IDENTIFIER _123 null
- IDENTIFIER _abc null
- IDENTIFIER ab123 null
- IDENTIFIER abcdefghijklmnopqrstuvwxyzABCDEFGHIJKLMNOPQRSTUVWXYZ1234567890_ null
- EOF  null
